// Jest Snapshot v1, https://goo.gl/fbAQLP

exports[`Rider Search Common Component (Unit) Layout is unchanged 1`] = `
<div
  className="home"
>
  <div
    className="flex-wrapper"
  >
    <h1
      className="center-text"
    >
      Rider Directory
    </h1>
    <form
      className="rider-search relative-position form-column "
      onKeyDown={[Function]}
    >
      <div
        className="input-wrapper two-column-input-wrapper"
      >
        <input
          autoComplete="off"
          className="bypass-read-only "
          data-valid={true}
          icon="search"
          id="rider-search-home"
          label="Search by Rider Name, DOB, Rider or Ride ID#, Phone or Address"
          name="riderSearch"
          onChange={[Function]}
          onFocus={[Function]}
          tabIndex={1}
          type="text"
          value=""
        />
        <label
          htmlFor="rider-search-home"
        >
          <span
            className="icon-form"
          >
            <svg
              className=""
              onClick={null}
            >
              <svg
                id="icon-search"
                viewBox="0 0 35 35"
              >
                <title>
                  search
                </title>
                <path
                  d="M31.008 27.231l-7.58-6.447c-0.784-0.705-1.622-1.029-2.299-0.998 1.789-2.096 2.87-4.815 2.87-7.787 0-6.627-5.373-12-12-12s-12 5.373-12 12 5.373 12 12 12c2.972 0 5.691-1.081 7.787-2.87-0.031 0.677 0.293 1.515 0.998 2.299l6.447 7.58c1.104 1.226 2.907 1.33 4.007 0.23s0.997-2.903-0.23-4.007zM12 20c-4.418 0-8-3.582-8-8s3.582-8 8-8 8 3.582 8 8-3.582 8-8 8z"
                />
              </svg>
            </svg>
          </span>
          <span
            className="label-content"
          >
            Search by Rider Name, DOB, Rider or Ride ID#, Phone or Address
          </span>
        </label>
        <span
          className="validation"
        >
          
        </span>
      </div>
      <div>
        <ul
          className="search-results home-search-results "
          id="resultList"
        >
          
        </ul>
      </div>
    </form>
  </div>
</div>
`;
